namespace NServiceBus
{
    public class SqlGatewayDeduplicationConfiguration : NServiceBus.Gateway.GatewayDeduplicationConfiguration
    {
        public SqlGatewayDeduplicationConfiguration() { }
        public string Schema { get; set; }
        public string TableName { get; set; }
        public void ConnectionBuilder(System.Func<System.Data.Common.DbConnection> connectionBuilder) { }
        public void ConnectionBuilder(System.Func<System.IServiceProvider, System.Data.Common.DbConnection> connectionBuilder) { }
        public override NServiceBus.Gateway.IGatewayDeduplicationStorage CreateStorage(System.IServiceProvider builder) { }
    }
}